E2 checkpoint=1000 muon.blocks.7.mlp.c_proj.weight: 1.0002 RAW blocks=4/4
E2 checkpoint=1000 muon.blocks.7.attn.c_k.weight: 1.0010 RAW blocks=4/4
E2 checkpoint=1000 muon.blocks.6.mlp.c_proj.weight: 1.0002 RAW blocks=4/4
E2 checkpoint=1000 muon.blocks.6.attn.c_v.weight: 1.0009 RAW blocks=4/4
E2 checkpoint=1000 muon.blocks.6.attn.c_q.weight: 1.0009 RAW blocks=4/4
E2 checkpoint=1000 muon.blocks.6.attn.c_proj.weight: 1.0009 RAW blocks=4/4
E2 checkpoint=1000 muon.blocks.6.attn.c_k.weight: 1.0009 RAW blocks=4/4
E2 checkpoint=1000 muon.blocks.6.mlp.c_fc.weight: 1.0005 RAW blocks=16/16
E2 checkpoint=1000 muon.blocks.5.attn.c_v.weight: 1.0009 RAW blocks=4/4
E2 checkpoint=1000 muon.blocks.5.attn.c_q.weight: 1.0009 RAW blocks=4/4
E2 checkpoint=1000 muon.blocks.4.mlp.c_fc.weight: 1.0005 RAW blocks=16/16
E2 checkpoint=1000 muon.blocks.4.attn.c_v.weight: 1.0009 RAW blocks=4/4
E2 checkpoint=1000 muon.blocks.4.attn.c_proj.weight: 1.0009 RAW blocks=4/4
E2 checkpoint=1000 muon.blocks.3.mlp.c_proj.weight: 1.0002 RAW blocks=4/4
E2 checkpoint=1000 muon.blocks.3.mlp.c_fc.weight: 1.0005 RAW blocks=16/16
E2 checkpoint=1000 muon.blocks.4.mlp.c_proj.weight: 1.0002 RAW blocks=4/4
E2 checkpoint=1000 muon.blocks.3.attn.c_v.weight: 1.0008 RAW blocks=4/4
E2 checkpoint=1000 muon.blocks.3.attn.c_k.weight: 1.0008 RAW blocks=4/4
E2 checkpoint=1000 muon.blocks.2.mlp.c_fc.weight: 1.0005 RAW blocks=16/16
E2 checkpoint=1000 adam.wte.weight.v: 1.0004 RAW blocks=256/256
E2 checkpoint=1000 muon.blocks.2.attn.c_k.weight: 1.0008 RAW blocks=4/4
E2 checkpoint=1000 adam.value_embeds.5.weight.v: 1.0004 RAW blocks=256/256
E2 checkpoint=1000 muon.blocks.1.mlp.c_proj.weight: 1.0002 RAW blocks=4/4
E2 checkpoint=1000 adam.value_embeds.7.weight.m: 1.0004 RAW blocks=256/256
E2 checkpoint=1000 muon.blocks.2.attn.c_proj.weight: 1.0008 RAW blocks=4/4
E2 checkpoint=1000 muon.blocks.1.attn.c_proj.weight: 1.0008 RAW blocks=4/4
E2 checkpoint=1000 muon.blocks.5.attn.c_proj.weight: 1.0008 RAW blocks=4/4
E2 checkpoint=1000 muon.blocks.1.attn.c_k.weight: 1.0008 RAW blocks=4/4
E2 checkpoint=1000 muon.blocks.3.attn.c_proj.weight: 1.0008 RAW blocks=4/4
E2 checkpoint=1000 adam.value_embeds.3.weight.m: 1.0004 RAW blocks=256/256
E2 checkpoint=1000 adam.value_embeds.1.weight.m: 1.0004 RAW blocks=256/256
E2 checkpoint=1000 muon.blocks.0.mlp.c_proj.weight: 1.0002 RAW blocks=4/4
E2 checkpoint=1000 muon.blocks.0.mlp.c_fc.weight: 1.0005 RAW blocks=16/16
E2 checkpoint=1000 muon.blocks.1.attn.c_q.weight: 1.0008 RAW blocks=4/4
E2 checkpoint=1000 muon.blocks.0.attn.c_v.weight: 1.0008 RAW blocks=4/4
E2 checkpoint=1000 muon.blocks.0.attn.c_k.weight: 1.0008 RAW blocks=4/4
E2 checkpoint=1000 muon.blocks.2.attn.c_v.weight: 1.0008 RAW blocks=4/4
E2 checkpoint=1000 muon.blocks.1.mlp.c_fc.weight: 1.0005 RAW blocks=16/16
E2 checkpoint=1000 muon.blocks.1.attn.c_v.weight: 1.0008 RAW blocks=4/4
E2 checkpoint=1000 adam.lm_head.weight.m: 1.0004 RAW blocks=256/256
E2 checkpoint=1000 muon.blocks.0.attn.c_proj.weight: 1.0008 RAW blocks=4/4
E2 checkpoint=1000 adam.wte.weight.m: 1.0004 RAW blocks=256/256
E2 checkpoint=1000 adam.value_embeds.3.weight.v: 1.0004 RAW blocks=256/256
E2 checkpoint=1000 muon.blocks.7.mlp.c_fc.weight: 1.0005 RAW blocks=16/16
E2 checkpoint=1000 adam.value_embeds.7.weight.v: 1.0004 RAW blocks=256/256
E2 checkpoint=1000 muon.blocks.4.attn.c_k.weight: 1.0008 RAW blocks=4/4
E2 checkpoint=1000 adam.value_embeds.1.weight.v: 1.0004 RAW blocks=256/256
E2 checkpoint=1000 muon.blocks.7.attn.c_v.weight: 1.0008 RAW blocks=4/4
E2 checkpoint=1000 muon.blocks.7.attn.c_q.weight: 1.0008 RAW blocks=4/4
E2 checkpoint=1000 muon.blocks.4.attn.c_q.weight: 1.0008 RAW blocks=4/4
E2 checkpoint=1000 muon.blocks.3.attn.c_q.weight: 1.0008 RAW blocks=4/4
E2 checkpoint=1000 muon.blocks.5.attn.c_k.weight: 1.0008 RAW blocks=4/4
E2 checkpoint=1000 muon.blocks.5.mlp.c_proj.weight: 1.0002 RAW blocks=4/4
E2 checkpoint=1000 muon.blocks.5.mlp.c_fc.weight: 1.0005 RAW blocks=16/16
E2 checkpoint=1000 muon.blocks.0.attn.c_q.weight: 1.0008 RAW blocks=4/4
E2 checkpoint=1000 adam.value_embeds.5.weight.m: 1.0004 RAW blocks=256/256
E2 checkpoint=1000 muon.blocks.2.mlp.c_proj.weight: 1.0002 RAW blocks=4/4
E2 checkpoint=1000 muon.blocks.2.attn.c_q.weight: 1.0008 RAW blocks=4/4
E2 checkpoint=1000 muon.blocks.7.attn.c_proj.weight: 1.0008 RAW blocks=4/4
E2 checkpoint=1000 adam.lm_head.weight.v: 1.0004 RAW blocks=256/256
